2026-06-11 16:44:16,300 === focus_terminal.py started, argv=['C:\\Users\\24701\\AppData\\Local\\hermes\\plugins\\win_notify\\focus_terminal.py', 'hermes://focus/2427826']
2026-06-11 16:44:16,300 parse_url_and_act: url=hermes://focus/2427826
2026-06-11 16:44:16,300 Parsed: action=focus, hwnd=2427826
2026-06-11 16:44:16,300 focus_terminal: hwnd=2427826
2026-06-11 16:44:16,300 focus_by_hwnd: hwnd=2427826, visible=1
2026-06-11 16:44:16,301 Focused by HWND successfully
2026-06-11 16:44:16,301 === focus_terminal.py finished
2026-06-11 16:48:29,282 === focus_terminal.py started, argv=['C:\\Users\\24701\\AppData\\Local\\hermes\\plugins\\win_notify\\focus_terminal.py', 'hermes://focus/328094']
2026-06-11 16:48:29,292 parse_url_and_act: url=hermes://focus/328094
2026-06-11 16:48:29,292 Parsed: action=focus, hwnd=328094
2026-06-11 16:48:29,292 focus_terminal: hwnd=328094
2026-06-11 16:48:29,292 focus_by_hwnd: hwnd=328094, visible=1
2026-06-11 16:48:29,292 Focused by HWND successfully
2026-06-11 16:48:29,292 === focus_terminal.py finished
2026-06-11 17:00:14,539 === focus_terminal.py started, argv=['C:\\Users\\24701\\AppData\\Local\\hermes\\plugins\\win_notify\\focus_terminal.py', 'hermes://focus/']
2026-06-11 17:00:14,539 parse_url_and_act: url=hermes://focus/
2026-06-11 17:00:14,539 Parsed: action=focus, hwnd=0
2026-06-11 17:00:14,539 focus_terminal: hwnd=0
2026-06-11 17:00:14,540 PID-based lookup: pid=35232
2026-06-11 17:00:14,594 Focused by PID successfully
2026-06-11 17:00:14,594 === focus_terminal.py finished
2026-06-11 17:33:17,122 === focus_terminal.py started, argv=['C:\\Users\\24701\\AppData\\Local\\hermes\\plugins\\win_notify\\focus_terminal.py', 'hermes://dismiss/328094']
2026-06-11 17:33:17,123 parse_url_and_act: url=hermes://dismiss/328094
2026-06-11 17:33:17,123 Parsed: action=dismiss, hwnd=328094
2026-06-11 17:33:17,123 Writing approval response: dismiss
2026-06-11 17:33:17,123 focus_terminal: hwnd=328094
2026-06-11 17:33:17,123 focus_by_hwnd: hwnd=328094, visible=1
2026-06-11 17:33:17,124 Focused by HWND successfully
2026-06-11 17:33:17,125 === focus_terminal.py finished
2026-06-11 17:34:33,456 === focus_terminal.py started, argv=['C:\\Users\\24701\\AppData\\Local\\hermes\\plugins\\win_notify\\focus_terminal.py', 'hermes://dismiss/2427826']
2026-06-11 17:34:33,457 parse_url_and_act: url=hermes://dismiss/2427826
2026-06-11 17:34:33,457 Parsed: action=dismiss, hwnd=2427826
2026-06-11 17:34:33,457 Writing approval response: dismiss
2026-06-11 17:34:33,457 focus_terminal: hwnd=2427826
2026-06-11 17:34:33,457 focus_by_hwnd: hwnd=2427826, visible=1
2026-06-11 17:34:33,458 Focused by HWND successfully
2026-06-11 17:34:33,458 === focus_terminal.py finished
2026-06-11 17:35:28,216 === focus_terminal.py started, argv=['C:/Users/24701/AppData/Local/hermes/plugins/win_notify/focus_terminal.py', 'hermes://focus/919048']
2026-06-11 17:35:28,217 parse_url_and_act: url=hermes://focus/919048
2026-06-11 17:35:28,217 Parsed: action=focus, hwnd=919048
2026-06-11 17:35:28,217 focus_terminal: hwnd=919048
2026-06-11 17:35:28,217 focus_by_hwnd: hwnd=919048, visible=1
2026-06-11 17:35:28,217 Focused by HWND successfully
2026-06-11 17:35:28,217 === focus_terminal.py finished
2026-06-11 17:35:48,904 === focus_terminal.py started, argv=['C:\\Users\\24701\\AppData\\Local\\hermes\\plugins\\win_notify\\focus_terminal.py', 'hermes://dismiss/2427826']
2026-06-11 17:35:48,904 parse_url_and_act: url=hermes://dismiss/2427826
2026-06-11 17:35:48,905 Parsed: action=dismiss, hwnd=2427826
2026-06-11 17:35:48,905 Writing approval response: dismiss
2026-06-11 17:35:48,905 focus_terminal: hwnd=2427826
2026-06-11 17:35:48,905 focus_by_hwnd: hwnd=2427826, visible=1
2026-06-11 17:35:48,905 Focused by HWND successfully
2026-06-11 17:35:48,905 === focus_terminal.py finished
2026-06-11 17:44:54,445 === focus_terminal.py started, argv=['C:\\Users\\24701\\AppData\\Local\\hermes\\plugins\\win_notify\\focus_terminal.py', 'hermes://focus/']
2026-06-11 17:44:54,446 parse_url_and_act: url=hermes://focus/
2026-06-11 17:44:54,446 Parsed: action=focus, hwnd=0
2026-06-11 17:44:54,446 focus_terminal: hwnd=0
2026-06-11 17:44:54,446 PID-based lookup: pid=35816
2026-06-11 17:44:54,504 Focused by PID successfully
2026-06-11 17:44:54,504 === focus_terminal.py finished
2026-06-11 17:46:10,414 === focus_terminal.py started, argv=['C:\\Users\\24701\\AppData\\Local\\hermes\\plugins\\win_notify\\focus_terminal.py', 'hermes://focus/']
2026-06-11 17:46:10,414 parse_url_and_act: url=hermes://focus/
2026-06-11 17:46:10,414 Parsed: action=focus, hwnd=0
2026-06-11 17:46:10,414 focus_terminal: hwnd=0
2026-06-11 17:46:10,414 PID-based lookup: pid=35816
2026-06-11 17:46:10,470 Focused by PID successfully
2026-06-11 17:46:10,470 === focus_terminal.py finished
2026-06-11 17:46:56,163 === focus_terminal.py started, argv=['C:\\Users\\24701\\AppData\\Local\\hermes\\plugins\\win_notify\\focus_terminal.py', 'hermes://dismiss/2427826']
2026-06-11 17:46:56,163 parse_url_and_act: url=hermes://dismiss/2427826
2026-06-11 17:46:56,164 Parsed: action=dismiss, hwnd=2427826
2026-06-11 17:46:56,164 Writing approval response: dismiss
2026-06-11 17:46:56,164 focus_terminal: hwnd=2427826
2026-06-11 17:46:56,164 focus_by_hwnd: hwnd=2427826, visible=1
2026-06-11 17:46:56,165 Focused by HWND successfully
2026-06-11 17:46:56,165 === focus_terminal.py finished
2026-06-11 17:48:28,819 === focus_terminal.py started, argv=['C:/Users/24701/AppData/Local/hermes/plugins/win_notify/focus_terminal.py', 'hermes://focus/2427826']
2026-06-11 17:48:28,819 parse_url_and_act: url=hermes://focus/2427826
2026-06-11 17:48:28,819 Parsed: action=focus, hwnd=2427826
2026-06-11 17:48:28,819 focus_terminal: hwnd=2427826
2026-06-11 17:48:28,819 focus_by_hwnd: hwnd=2427826, visible=1
2026-06-11 17:48:28,820 Focused by HWND successfully
2026-06-11 17:48:28,820 === focus_terminal.py finished
